[30Jul2026 12:58:54.406] [main/INFO] [net.neoforged.fml.startup.Entrypoint/]: JVM Uptime at startup: 281ms
[30Jul2026 12:58:54.425] [main/INFO] [net.neoforged.fml.loading.FMLLoader/]: Starting FancyModLoader version 11.0.13 (CLIENT in DEV)
[30Jul2026 12:58:54.426] [main/INFO] [net.neoforged.fml.loading.FMLLoader/]: Game directory: X:\Minecraft\My Mods\GitHub\NoProjectileIFrames\neoforge\runs\client
[30Jul2026 12:58:54.519] [main/INFO] [net.neoforged.fml.loading.EarlyServiceDiscovery/]: Found 2 early service jars (out of 120) in 45ms
[30Jul2026 12:58:54.520] [main/INFO] [net.neoforged.fml.loading.FMLLoader/]: Loading FML Early Services:
[30Jul2026 12:58:54.521] [main/INFO] [net.neoforged.fml.loading.FMLLoader/]:  - C:/Users/Zoey/.gradle/caches/modules-2/files-2.1/net.neoforged.fancymodloader/earlydisplay/11.0.13/491a1bedecb33802fa118cae384b60f91f6f0241/earlydisplay-11.0.13.jar
[30Jul2026 12:58:54.522] [main/INFO] [net.neoforged.fml.loading.FMLLoader/]:  - C:/Users/Zoey/.gradle/caches/modules-2/files-2.1/net.neoforged.fancymodloader/loader/11.0.13/c9c89eaf35535990110088224d188748d81eaecf/loader-11.0.13.jar
[30Jul2026 12:58:54.530] [main/INFO] [net.neoforged.fml.loading.ImmediateWindowHandler/]: Loading ImmediateWindowProvider fmlearlywindow
[30Jul2026 12:58:55.121] [ForkJoinPool.commonPool-worker-3/INFO] [net.neoforged.fml.loading.moddiscovery.locators.GameLocator/]: Detected a joined NeoForge and Minecraft configuration. Applying filtering...
[30Jul2026 12:58:55.143] [fml-loadingscreen/INFO] [net.neoforged.fml.earlydisplay.render.LoadingScreenRenderer/]: GL info: NVIDIA GeForce GTX 1050 Ti/PCIe/SSE2 GL version 3.3.0 NVIDIA 560.94, NVIDIA Corporation
[30Jul2026 12:58:55.232] [ForkJoinPool.commonPool-worker-3/INFO] [net.neoforged.fml.loading.moddiscovery.locators.InDevFolderLocator/CORE]: Got mod coordinates noprojectileiframes%%X:\\Minecraft\\My Mods\\GitHub\\NoProjectileIFrames\\neoforge\\build\\classes\\java\\main;noprojectileiframes%%X:\\Minecraft\\My Mods\\GitHub\\NoProjectileIFrames\\neoforge\\build\\resources\\main from env
[30Jul2026 12:58:55.444] [ForkJoinPool.commonPool-worker-3/INFO] [net.neoforged.fml.loading.moddiscovery.locators.JarInJarDependencyLocator/]: Found 2 dependencies adding them to mods collection
[30Jul2026 12:58:55.448] [ForkJoinPool.commonPool-worker-3/INFO] [net.neoforged.fml.loading.moddiscovery.ModDiscoverer/]: 
     Mod List:
		Name Version (Mod Id)

		Minecraft 26.2 (minecraft)
		NeoForge 26.2.0.32-beta (neoforge)
		No Projectile I Frames 26.2.0 (noprojectileiframes)
[30Jul2026 12:58:55.813] [main/INFO] [mixin/]: SpongePowered MIXIN Subsystem Version=0.8.7 Source=file:/C:/Users/Zoey/.gradle/caches/modules-2/files-2.1/net.fabricmc/sponge-mixin/0.17.3+mixin.0.8.7/41c4a3984a80f4679e759fb9f495587acc5cdac7/sponge-mixin-0.17.3+mixin.0.8.7.jar Service=FML Env=CLIENT
[30Jul2026 12:58:55.846] [main/INFO] [net.neoforged.fml.loading.FMLLoader/]: Loading FML Plugins:
[30Jul2026 12:58:55.848] [main/INFO] [net.neoforged.fml.loading.FMLLoader/]:  - C:/Users/Zoey/.gradle/caches/modules-2/files-2.1/net.neoforged/neoforge/26.2.0.32-beta/8b2b6ca4c7363f405c35bb41c3e3496e75c2400e/neoforge-26.2.0.32-beta-universal.jar > net.neoforged.neoforge-coremods-26.2.0.32-beta.jar
[30Jul2026 12:58:55.999] [main/INFO] [net.neoforged.fml.loading.FMLLoader/]: Building game content classloader:
 - minecraft (composite(filtered(jar(X:/Minecraft/My Mods/GitHub/NoProjectileIFrames/neoforge/build/moddev/artifacts/minecraft-patched-26.2.0.32-beta.jar)), filtered(jar(X:/Minecraft/My Mods/GitHub/NoProjectileIFrames/neoforge/build/moddev/artifacts/minecraft-patched-26.2.0.32-beta.jar))))
 - mixinextras.neoforge (jar(C:/Users/Zoey/.gradle/caches/modules-2/files-2.1/net.neoforged/neoforge/26.2.0.32-beta/8b2b6ca4c7363f405c35bb41c3e3496e75c2400e/neoforge-26.2.0.32-beta-universal.jar > mixinextras-neoforge-0.5.4.jar))
 - neoforge (composite(filtered(jar(C:/Users/Zoey/.gradle/caches/modules-2/files-2.1/net.neoforged/neoforge/26.2.0.32-beta/8b2b6ca4c7363f405c35bb41c3e3496e75c2400e/neoforge-26.2.0.32-beta-universal.jar))))
 - net.neoforged.fml.generated (empty(VirtualJar/net.neoforged.fml.generated))
 - noprojectileiframes (composite(folder(X:/Minecraft/My Mods/GitHub/NoProjectileIFrames/neoforge/build/classes/java/main), folder(X:/Minecraft/My Mods/GitHub/NoProjectileIFrames/neoforge/build/resources/main)))
[30Jul2026 12:58:56.024] [main/INFO] [net.neoforged.fml.loading.FMLLoader/]: Built game content classloader in 40ms
[30Jul2026 12:58:56.079] [main/INFO] [mixin/]: Compatibility level set to JAVA_25
[30Jul2026 12:58:57.950] [Datafixer Bootstrap #0/INFO] [com.mojang.datafixers.DataFixerBuilder/]: 298 Datafixer optimizations took 437 milliseconds
[30Jul2026 12:58:58.491] [pool-8-thread-1/INFO] [MixinExtras|Service/]: Initializing MixinExtras via com.llamalad7.mixinextras.service.MixinExtrasServiceImpl(version=0.5.4).
[30Jul2026 12:59:04.613] [main/WARN] [net.minecraft.commands.Commands/]: Ambiguity between arguments [teleport, location] and [teleport, destination] with inputs: [0.1 -0.5 .9, 0 0 0]
[30Jul2026 12:59:04.617] [main/WARN] [net.minecraft.commands.Commands/]: Ambiguity between arguments [teleport, location] and [teleport, targets] with inputs: [0.1 -0.5 .9, 0 0 0]
[30Jul2026 12:59:04.621] [main/WARN] [net.minecraft.commands.Commands/]: Ambiguity between arguments [teleport, destination] and [teleport, targets] with inputs: [Player, 0123, @e, dd12be42-52a9-4a91-a8a1-11c01849e498]
[30Jul2026 12:59:04.623] [main/WARN] [net.minecraft.commands.Commands/]: Ambiguity between arguments [teleport, targets] and [teleport, destination] with inputs: [Player, 0123, dd12be42-52a9-4a91-a8a1-11c01849e498]
[30Jul2026 12:59:04.624] [main/WARN] [net.minecraft.commands.Commands/]: Ambiguity between arguments [teleport, targets, location] and [teleport, targets, destination] with inputs: [0.1 -0.5 .9, 0 0 0]
[30Jul2026 12:59:04.627] [main/WARN] [net.minecraft.commands.Commands/]: Ambiguity between arguments [time, set, time] and [time, set, timemarker] with inputs: [0, 0s, 0d, 0t]
[30Jul2026 12:59:04.628] [main/WARN] [net.minecraft.commands.Commands/]: Ambiguity between arguments [time, set, timemarker] and [time, set, time] with inputs: [012]
[30Jul2026 12:59:04.631] [main/WARN] [net.minecraft.commands.Commands/]: Ambiguity between arguments [time, of, clock, set, time] and [time, of, clock, set, timemarker] with inputs: [0, 0s, 0d, 0t]
[30Jul2026 12:59:04.632] [main/WARN] [net.minecraft.commands.Commands/]: Ambiguity between arguments [time, of, clock, set, timemarker] and [time, of, clock, set, time] with inputs: [012]
[30Jul2026 12:59:04.711] [modloading-worker-0/INFO] [net.neoforged.neoforge.common.NeoForgeMod/NEOFORGE-MOD]: NeoForge mod loading, version 26.2.0.32-beta, for MC 26.2
[30Jul2026 12:59:04.956] [modloading-sync-worker/INFO] [No Projectile I Frames/]: Initializing No Projectile I Frames
[30Jul2026 12:59:04.963] [modloading-sync-worker/INFO] [No Projectile I Frames/]: Initializing No Projectile I Frames
[30Jul2026 12:59:04.964] [modloading-sync-worker/INFO] [No Projectile I Frames/]: Initializing No Projectile I Frames
[30Jul2026 12:59:04.965] [modloading-sync-worker/INFO] [No Projectile I Frames/]: Initializing No Projectile I Frames
[30Jul2026 12:59:04.965] [modloading-sync-worker/INFO] [No Projectile I Frames/]: Initializing No Projectile I Frames
[30Jul2026 12:59:04.965] [modloading-sync-worker/INFO] [No Projectile I Frames/]: Initializing No Projectile I Frames
[30Jul2026 12:59:04.966] [modloading-sync-worker/INFO] [No Projectile I Frames/]: Initializing No Projectile I Frames
[30Jul2026 12:59:04.966] [modloading-sync-worker/INFO] [No Projectile I Frames/]: Initializing No Projectile I Frames
[30Jul2026 12:59:04.967] [modloading-sync-worker/INFO] [No Projectile I Frames/]: Initializing No Projectile I Frames
[30Jul2026 12:59:04.967] [modloading-sync-worker/INFO] [No Projectile I Frames/]: Initializing No Projectile I Frames
[30Jul2026 12:59:04.968] [modloading-sync-worker/INFO] [No Projectile I Frames/]: Initializing No Projectile I Frames
[30Jul2026 12:59:04.968] [modloading-sync-worker/INFO] [No Projectile I Frames/]: Initializing No Projectile I Frames
[30Jul2026 12:59:04.969] [modloading-sync-worker/INFO] [No Projectile I Frames/]: Initializing No Projectile I Frames
[30Jul2026 12:59:04.969] [modloading-sync-worker/INFO] [No Projectile I Frames/]: Initializing No Projectile I Frames
[30Jul2026 12:59:04.970] [modloading-sync-worker/INFO] [No Projectile I Frames/]: Initializing No Projectile I Frames
[30Jul2026 12:59:04.971] [modloading-sync-worker/INFO] [No Projectile I Frames/]: Initializing No Projectile I Frames
[30Jul2026 12:59:04.972] [modloading-sync-worker/INFO] [No Projectile I Frames/]: Initializing No Projectile I Frames
[30Jul2026 12:59:04.972] [modloading-sync-worker/INFO] [No Projectile I Frames/]: Initializing No Projectile I Frames
[30Jul2026 12:59:04.973] [modloading-sync-worker/INFO] [No Projectile I Frames/]: Initializing No Projectile I Frames
[30Jul2026 12:59:04.973] [modloading-sync-worker/INFO] [No Projectile I Frames/]: Initializing No Projectile I Frames
[30Jul2026 12:59:04.974] [modloading-sync-worker/INFO] [No Projectile I Frames/]: Initializing No Projectile I Frames
[30Jul2026 12:59:04.974] [modloading-sync-worker/INFO] [No Projectile I Frames/]: Initializing No Projectile I Frames
[30Jul2026 12:59:04.974] [modloading-sync-worker/INFO] [No Projectile I Frames/]: Initializing No Projectile I Frames
[30Jul2026 12:59:04.977] [modloading-sync-worker/INFO] [No Projectile I Frames/]: Initializing No Projectile I Frames
[30Jul2026 12:59:04.978] [modloading-sync-worker/INFO] [No Projectile I Frames/]: Initializing No Projectile I Frames
[30Jul2026 12:59:04.978] [modloading-sync-worker/INFO] [No Projectile I Frames/]: Initializing No Projectile I Frames
[30Jul2026 12:59:04.979] [modloading-sync-worker/INFO] [No Projectile I Frames/]: Initializing No Projectile I Frames
[30Jul2026 12:59:04.979] [modloading-sync-worker/INFO] [No Projectile I Frames/]: Initializing No Projectile I Frames
[30Jul2026 12:59:04.980] [modloading-sync-worker/INFO] [No Projectile I Frames/]: Initializing No Projectile I Frames
[30Jul2026 12:59:04.980] [modloading-sync-worker/INFO] [No Projectile I Frames/]: Initializing No Projectile I Frames
[30Jul2026 12:59:04.981] [modloading-sync-worker/INFO] [No Projectile I Frames/]: Initializing No Projectile I Frames
[30Jul2026 12:59:04.981] [modloading-sync-worker/INFO] [No Projectile I Frames/]: Initializing No Projectile I Frames
[30Jul2026 12:59:04.982] [modloading-sync-worker/INFO] [No Projectile I Frames/]: Initializing No Projectile I Frames
[30Jul2026 12:59:04.985] [modloading-sync-worker/INFO] [No Projectile I Frames/]: Initializing No Projectile I Frames
[30Jul2026 12:59:04.985] [modloading-sync-worker/INFO] [No Projectile I Frames/]: Initializing No Projectile I Frames
[30Jul2026 12:59:04.986] [modloading-sync-worker/INFO] [No Projectile I Frames/]: Initializing No Projectile I Frames
[30Jul2026 12:59:04.986] [modloading-sync-worker/INFO] [No Projectile I Frames/]: Initializing No Projectile I Frames
[30Jul2026 12:59:04.987] [modloading-sync-worker/INFO] [No Projectile I Frames/]: Initializing No Projectile I Frames
[30Jul2026 12:59:04.987] [modloading-sync-worker/INFO] [No Projectile I Frames/]: Initializing No Projectile I Frames
[30Jul2026 12:59:04.988] [modloading-sync-worker/INFO] [No Projectile I Frames/]: Initializing No Projectile I Frames
[30Jul2026 12:59:04.988] [modloading-sync-worker/INFO] [No Projectile I Frames/]: Initializing No Projectile I Frames
[30Jul2026 12:59:04.989] [modloading-sync-worker/INFO] [No Projectile I Frames/]: Initializing No Projectile I Frames
[30Jul2026 12:59:04.989] [modloading-sync-worker/INFO] [No Projectile I Frames/]: Initializing No Projectile I Frames
[30Jul2026 12:59:04.990] [modloading-sync-worker/INFO] [No Projectile I Frames/]: Initializing No Projectile I Frames
[30Jul2026 12:59:04.991] [modloading-sync-worker/INFO] [No Projectile I Frames/]: Initializing No Projectile I Frames
[30Jul2026 12:59:04.991] [modloading-sync-worker/INFO] [No Projectile I Frames/]: Initializing No Projectile I Frames
[30Jul2026 12:59:04.992] [modloading-sync-worker/INFO] [No Projectile I Frames/]: Initializing No Projectile I Frames
[30Jul2026 12:59:04.992] [modloading-sync-worker/INFO] [No Projectile I Frames/]: Initializing No Projectile I Frames
[30Jul2026 12:59:04.993] [modloading-sync-worker/INFO] [No Projectile I Frames/]: Initializing No Projectile I Frames
[30Jul2026 12:59:04.993] [modloading-sync-worker/INFO] [No Projectile I Frames/]: Initializing No Projectile I Frames
[30Jul2026 12:59:04.994] [modloading-sync-worker/INFO] [No Projectile I Frames/]: Initializing No Projectile I Frames
[30Jul2026 12:59:04.994] [modloading-sync-worker/INFO] [No Projectile I Frames/]: Initializing No Projectile I Frames
[30Jul2026 12:59:04.994] [modloading-sync-worker/INFO] [No Projectile I Frames/]: Initializing No Projectile I Frames
[30Jul2026 12:59:04.995] [modloading-sync-worker/INFO] [No Projectile I Frames/]: Initializing No Projectile I Frames
[30Jul2026 12:59:04.995] [modloading-sync-worker/INFO] [No Projectile I Frames/]: Initializing No Projectile I Frames
[30Jul2026 12:59:04.996] [modloading-sync-worker/INFO] [No Projectile I Frames/]: Initializing No Projectile I Frames
[30Jul2026 12:59:04.996] [modloading-sync-worker/INFO] [No Projectile I Frames/]: Initializing No Projectile I Frames
[30Jul2026 12:59:04.997] [modloading-sync-worker/INFO] [No Projectile I Frames/]: Initializing No Projectile I Frames
[30Jul2026 12:59:04.997] [modloading-sync-worker/INFO] [No Projectile I Frames/]: Initializing No Projectile I Frames
[30Jul2026 12:59:04.997] [modloading-sync-worker/INFO] [No Projectile I Frames/]: Initializing No Projectile I Frames
[30Jul2026 12:59:04.998] [modloading-sync-worker/INFO] [No Projectile I Frames/]: Initializing No Projectile I Frames
[30Jul2026 12:59:04.998] [modloading-sync-worker/INFO] [No Projectile I Frames/]: Initializing No Projectile I Frames
[30Jul2026 12:59:04.999] [modloading-sync-worker/INFO] [No Projectile I Frames/]: Initializing No Projectile I Frames
[30Jul2026 12:59:04.999] [modloading-sync-worker/INFO] [No Projectile I Frames/]: Initializing No Projectile I Frames
[30Jul2026 12:59:04.999] [modloading-sync-worker/INFO] [No Projectile I Frames/]: Initializing No Projectile I Frames
[30Jul2026 12:59:05.000] [modloading-sync-worker/INFO] [No Projectile I Frames/]: Initializing No Projectile I Frames
[30Jul2026 12:59:05.001] [modloading-sync-worker/INFO] [No Projectile I Frames/]: Initializing No Projectile I Frames
[30Jul2026 12:59:05.002] [modloading-sync-worker/INFO] [No Projectile I Frames/]: Initializing No Projectile I Frames
[30Jul2026 12:59:05.004] [modloading-sync-worker/INFO] [No Projectile I Frames/]: Initializing No Projectile I Frames
[30Jul2026 12:59:05.005] [modloading-sync-worker/INFO] [No Projectile I Frames/]: Initializing No Projectile I Frames
[30Jul2026 12:59:05.005] [modloading-sync-worker/INFO] [No Projectile I Frames/]: Initializing No Projectile I Frames
[30Jul2026 12:59:05.005] [modloading-sync-worker/INFO] [No Projectile I Frames/]: Initializing No Projectile I Frames
[30Jul2026 12:59:05.006] [modloading-sync-worker/INFO] [No Projectile I Frames/]: Initializing No Projectile I Frames
[30Jul2026 12:59:05.006] [modloading-sync-worker/INFO] [No Projectile I Frames/]: Initializing No Projectile I Frames
[30Jul2026 12:59:05.006] [modloading-sync-worker/INFO] [No Projectile I Frames/]: Initializing No Projectile I Frames
[30Jul2026 12:59:05.007] [modloading-sync-worker/INFO] [No Projectile I Frames/]: Initializing No Projectile I Frames
[30Jul2026 12:59:05.007] [modloading-sync-worker/INFO] [No Projectile I Frames/]: Initializing No Projectile I Frames
[30Jul2026 12:59:05.007] [modloading-sync-worker/INFO] [No Projectile I Frames/]: Initializing No Projectile I Frames
[30Jul2026 12:59:05.013] [modloading-sync-worker/INFO] [No Projectile I Frames/]: Initializing No Projectile I Frames
[30Jul2026 12:59:05.014] [modloading-sync-worker/INFO] [No Projectile I Frames/]: Initializing No Projectile I Frames
[30Jul2026 12:59:05.014] [modloading-sync-worker/INFO] [No Projectile I Frames/]: Initializing No Projectile I Frames
[30Jul2026 12:59:05.014] [modloading-sync-worker/INFO] [No Projectile I Frames/]: Initializing No Projectile I Frames
[30Jul2026 12:59:05.015] [modloading-sync-worker/INFO] [No Projectile I Frames/]: Initializing No Projectile I Frames
[30Jul2026 12:59:05.015] [modloading-sync-worker/INFO] [No Projectile I Frames/]: Initializing No Projectile I Frames
[30Jul2026 12:59:05.016] [modloading-sync-worker/INFO] [No Projectile I Frames/]: Initializing No Projectile I Frames
[30Jul2026 12:59:05.016] [modloading-sync-worker/INFO] [No Projectile I Frames/]: Initializing No Projectile I Frames
[30Jul2026 12:59:05.016] [modloading-sync-worker/INFO] [No Projectile I Frames/]: Initializing No Projectile I Frames
[30Jul2026 12:59:05.017] [modloading-sync-worker/INFO] [No Projectile I Frames/]: Initializing No Projectile I Frames
[30Jul2026 12:59:05.017] [modloading-sync-worker/INFO] [No Projectile I Frames/]: Initializing No Projectile I Frames
[30Jul2026 12:59:05.017] [modloading-sync-worker/INFO] [No Projectile I Frames/]: Initializing No Projectile I Frames
[30Jul2026 12:59:05.018] [modloading-sync-worker/INFO] [No Projectile I Frames/]: Initializing No Projectile I Frames
[30Jul2026 12:59:05.018] [modloading-sync-worker/INFO] [No Projectile I Frames/]: Initializing No Projectile I Frames
[30Jul2026 12:59:05.019] [modloading-sync-worker/INFO] [No Projectile I Frames/]: Initializing No Projectile I Frames
[30Jul2026 12:59:05.020] [modloading-sync-worker/INFO] [No Projectile I Frames/]: Initializing No Projectile I Frames
[30Jul2026 12:59:05.020] [modloading-sync-worker/INFO] [No Projectile I Frames/]: Initializing No Projectile I Frames
[30Jul2026 12:59:05.021] [modloading-sync-worker/INFO] [No Projectile I Frames/]: Initializing No Projectile I Frames
[30Jul2026 12:59:05.021] [modloading-sync-worker/INFO] [No Projectile I Frames/]: Initializing No Projectile I Frames
[30Jul2026 12:59:05.031] [modloading-sync-worker/INFO] [No Projectile I Frames/]: Initializing No Projectile I Frames
[30Jul2026 12:59:05.038] [modloading-sync-worker/INFO] [No Projectile I Frames/]: Initializing No Projectile I Frames
[30Jul2026 12:59:05.039] [modloading-sync-worker/INFO] [No Projectile I Frames/]: Initializing No Projectile I Frames
[30Jul2026 12:59:05.048] [modloading-sync-worker/INFO] [No Projectile I Frames/]: Initializing No Projectile I Frames
[30Jul2026 12:59:05.051] [modloading-sync-worker/INFO] [No Projectile I Frames/]: Initializing No Projectile I Frames
[30Jul2026 12:59:05.053] [modloading-sync-worker/INFO] [No Projectile I Frames/]: Initializing No Projectile I Frames
[30Jul2026 12:59:05.054] [modloading-sync-worker/INFO] [No Projectile I Frames/]: Initializing No Projectile I Frames
[30Jul2026 12:59:05.060] [modloading-sync-worker/INFO] [No Projectile I Frames/]: Initializing No Projectile I Frames
[30Jul2026 12:59:05.064] [modloading-sync-worker/INFO] [No Projectile I Frames/]: Initializing No Projectile I Frames
[30Jul2026 12:59:05.418] [Render thread/INFO] [com.mojang.authlib.yggdrasil.YggdrasilAuthenticationService/]: Environment: Environment[sessionHost=https://sessionserver.mojang.com, servicesHost=https://api.minecraftservices.com, profilesHost=https://api.mojang.com, name=PROD]
[30Jul2026 12:59:05.440] [Render thread/INFO] [net.minecraft.client.Minecraft/]: Setting user: Dev
[30Jul2026 12:59:05.571] [Render thread/INFO] [net.minecraft.client.Minecraft/]: Backend library: LWJGL version 3.4.1+2
[30Jul2026 12:59:05.792] [Render thread/INFO] [net.minecraft.client.Minecraft/]: Using graphics backend OpenGL, using drivers: 3.3.0 NVIDIA 560.94
[30Jul2026 12:59:05.792] [Render thread/INFO] [net.minecraft.client.Minecraft/]: Using graphics device: NVIDIA GeForce GTX 1050 Ti/PCIe/SSE2 (NVIDIA Corporation)
[30Jul2026 12:59:05.792] [Render thread/INFO] [net.minecraft.client.Minecraft/]: Using graphics device extensions: GL_ARB_multi_draw_indirect, GL_ARB_buffer_storage, GL_ARB_shader_draw_parameters, GL_ARB_base_instance, GL_KHR_debug, GL_ARB_draw_indirect, GL_ARB_clip_control, GL_ARB_vertex_attrib_binding, GL_ARB_direct_state_access, GL_EXT_texture_filter_anisotropic
[30Jul2026 12:59:06.630] [Render thread/INFO] [net.minecraft.server.packs.resources.ReloadableResourceManager/]: Reloading ResourceManager: vanilla, mod_resources, mod/noprojectileiframes, mod/neoforge
[30Jul2026 12:59:06.910] [resourceLoad/INFO] [net.minecraft.client.gui.font.providers.UnihexProvider/]: Found unifont_all_no_pua-17.0.01.hex, loading
[30Jul2026 12:59:06.910] [resourceLoad/INFO] [net.minecraft.client.gui.font.providers.UnihexProvider/]: Found unifont_pua-17.0.01.hex, loading
[30Jul2026 12:59:06.920] [resourceLoad/INFO] [net.minecraft.client.gui.font.providers.UnihexProvider/]: Found unifont_jp_patch-17.0.01.hex, loading
[30Jul2026 12:59:08.512] [Render thread/WARN] [com.mojang.blaze3d.opengl.GlProgram/]: neoforge:pipeline/item_cutout_unlit shader program does not use sampler Sampler2 defined in the pipeline. This might be a bug.
[30Jul2026 12:59:08.518] [Render thread/WARN] [com.mojang.blaze3d.opengl.GlProgram/]: neoforge:pipeline/item_translucent_unlit shader program does not use sampler Sampler2 defined in the pipeline. This might be a bug.
[30Jul2026 12:59:08.557] [Render thread/INFO] [com.mojang.blaze3d.audio.Library/]: OpenAL initialized on device OpenAL Soft on Speakers (Focusrite USB Audio)
[30Jul2026 12:59:08.558] [Render thread/INFO] [net.minecraft.client.sounds.SoundEngine/SOUNDS]: Sound engine started
[30Jul2026 12:59:08.559] [Render thread/INFO] [net.minecraft.client.renderer.texture.TextureAtlas/]: Created: 512x256x0 minecraft:textures/atlas/particles.png-atlas
[30Jul2026 12:59:08.596] [Render thread/INFO] [net.minecraft.client.renderer.texture.TextureAtlas/]: Created: 128x128x0 minecraft:textures/atlas/decorated_pot.png-atlas
[30Jul2026 12:59:08.601] [Render thread/INFO] [net.minecraft.client.renderer.texture.TextureAtlas/]: Created: 2048x1024x0 minecraft:textures/atlas/armor_trims.png-atlas
[30Jul2026 12:59:08.636] [Render thread/INFO] [net.minecraft.client.renderer.texture.TextureAtlas/]: Created: 512x256x0 minecraft:textures/atlas/paintings.png-atlas
[30Jul2026 12:59:08.655] [Render thread/INFO] [net.minecraft.client.renderer.texture.TextureAtlas/]: Created: 1024x512x0 minecraft:textures/atlas/shield_patterns.png-atlas
[30Jul2026 12:59:08.660] [Render thread/INFO] [net.minecraft.client.renderer.texture.TextureAtlas/]: Created: 2048x2048x4 minecraft:textures/atlas/blocks.png-atlas
[30Jul2026 12:59:08.855] [Render thread/INFO] [net.minecraft.client.renderer.texture.TextureAtlas/]: Created: 512x512x0 minecraft:textures/atlas/chest.png-atlas
[30Jul2026 12:59:08.861] [Render thread/INFO] [net.minecraft.client.renderer.texture.TextureAtlas/]: Created: 256x128x0 minecraft:textures/atlas/celestials.png-atlas
[30Jul2026 12:59:08.867] [Render thread/INFO] [net.minecraft.client.renderer.texture.TextureAtlas/]: Created: 1024x512x0 minecraft:textures/atlas/banner_patterns.png-atlas
[30Jul2026 12:59:08.871] [Render thread/INFO] [net.minecraft.client.renderer.texture.TextureAtlas/]: Created: 1024x512x0 minecraft:textures/atlas/items.png-atlas
[30Jul2026 12:59:08.905] [Render thread/INFO] [net.minecraft.client.renderer.texture.TextureAtlas/]: Created: 1024x1024x0 minecraft:textures/atlas/gui.png-atlas
[30Jul2026 12:59:08.971] [Render thread/INFO] [net.minecraft.client.renderer.texture.TextureAtlas/]: Created: 128x64x0 minecraft:textures/atlas/map_decorations.png-atlas
[30Jul2026 12:59:08.987] [Render thread/INFO] [net.minecraft.client.renderer.texture.TextureAtlas/]: Created: 512x512x0 minecraft:textures/atlas/shulker_boxes.png-atlas
[30Jul2026 12:59:09.183] [Render thread/INFO] [net.neoforged.neoforge.client.entity.animation.json.AnimationLoader/]: Loaded 0 entity animations
[30Jul2026 12:59:17.189] [Render thread/INFO] [net.minecraft.client.Minecraft/]: Stopping!
[30Jul2026 12:59:17.256] [Render thread/INFO] [net.neoforged.fml.loading.FMLLoader/]: Closing FML Loader 14f08a97
[30Jul2026 12:59:17.257] [Render thread/INFO] [net.neoforged.fml.ModLoader/]: Clearing ModLoader
